// Jest Snapshot v1, https://goo.gl/fbAQLP

exports[`BoxText node view should render figure node view 1`] = `"<div data-cmp=\\"BoxTextEditor\\"></div>"`;
