// Jest Snapshot v1, https://goo.gl/fbAQLP

exports[`References List renders the component 1`] = `
<section>
  <div
    className="makeStyles-root-2 makeStyles-plainVariant-4"
  >
    <label
      className="makeStyles-label-5"
    >
      References
    </label>
    <ul
      className="makeStyles-list-1"
    >
      <li>
        <section
          className="makeStyles-listItem-7"
        >
          <div
            className="makeStyles-content-8"
          >
            Berk V
            . 
            2012
            . 
            <span
              dangerouslySetInnerHTML={
                Object {
                  "__html": "Molecular architecture and assembly principles of <em>Vibrio cholerae</em> biofilms",
                }
              }
            />
            . 
            <em>
              <span
                dangerouslySetInnerHTML={
                  Object {
                    "__html": "Science",
                  }
                }
              />
              
            </em>
             
            <strong>
               337:
            </strong>
             p.236-239.
          </div>
          <div
            data-cmp="IconButton"
          />
        </section>
      </li>
      <li>
        <section
          className="makeStyles-listItem-7"
        >
          <div
            className="makeStyles-content-8"
          >
            Feyerabend PK
            . 
            2010
            . 
            <span
              dangerouslySetInnerHTML={
                Object {
                  "__html": "The skull and brain",
                }
              }
            />
            . 
            <em>
              <span
                dangerouslySetInnerHTML={
                  Object {
                    "__html": "The skull and brain",
                  }
                }
              />
               
            </em>
             
             4th Edition.
            <strong />
             Verso:
             London.
          </div>
          <div
            data-cmp="IconButton"
          />
        </section>
      </li>
    </ul>
  </div>
  <div
    data-cmp="Button"
  />
</section>
`;
