// Jest Snapshot v1, https://goo.gl/fbAQLP

exports[`Manuscript container renders loading spinner when manuscript is loading 1`] = `
<div
  data-cmp="backdrop"
>
  <div
    data-cmp="circular-progress"
  />
</div>
`;

exports[`Manuscript container renders when data is loaded 1`] = `
Array [
  <nav
    aria-label="mailbox folders"
    className="makeStyles-drawer-1"
  >
    <div
      data-cmp="hidden"
    />
    <div
      data-cmp="hidden"
    />
  </nav>,
  <div
    className="makeStyles-contentWrapper-13"
    onClick={[Function]}
  >
    <div
      aria-hidden="true"
      className="makeStyles-toolbarPlaceholder-16"
    />
    <div
      className="makeStyles-content-14"
      onClick={[Function]}
    >
      <div
        className="makeStyles-root-17 makeStyles-plainVariant-19"
      >
        <label
          className="makeStyles-label-20"
        >
          Title
        </label>
        <div
          className="prosemirrorContainer"
        />
      </div>
      <div
        onClick={[Function]}
      >
        <div
          aria-hidden="true"
          className="makeStyles-spacer-15"
          onClick={[Function]}
        />
        <section>
          <div
            className="makeStyles-root-17 makeStyles-plainVariant-19"
          >
            <label
              className="makeStyles-label-20"
            >
              Authors
            </label>
            <div
              className="makeStyles-sortableContainer-22"
            >
               
               
            </div>
          </div>
        </section>
        <div
          aria-hidden="true"
          className="makeStyles-spacer-15"
          onClick={[Function]}
        />
        <section>
          <div
            className="makeStyles-root-17 makeStyles-plainVariant-19"
          >
            <label
              className="makeStyles-label-20"
            >
              Affiliations
            </label>
          </div>
        </section>
        <div
          aria-hidden="true"
          className="makeStyles-spacer-15"
          onClick={[Function]}
        />
      </div>
      <div
        className="makeStyles-root-17 makeStyles-plainVariant-19"
      >
        <label
          className="makeStyles-label-20"
        >
          Abstract
        </label>
        <div
          className="prosemirrorContainer"
        />
      </div>
      <div
        aria-hidden="true"
        className="makeStyles-spacer-15"
        onClick={[Function]}
      />
      <div
        className="makeStyles-root-17 makeStyles-plainVariant-19"
      >
        <label
          className="makeStyles-label-20"
        >
          Impact statement
        </label>
        <div
          className="prosemirrorContainer"
        />
      </div>
      <div
        aria-hidden="true"
        className="makeStyles-spacer-15"
        onClick={[Function]}
      />
      <div
        onClick={[Function]}
      >
        <div
          aria-hidden="true"
          className="makeStyles-spacer-15"
          onClick={[Function]}
        />
        <div
          className="makeStyles-sectionContainer-37 makeStyles-root-17 makeStyles-plainVariant-19"
        >
          <label
            className="makeStyles-label-20"
          >
            Article information
          </label>
          <section
            className="makeStyles-infoSection-38"
          >
            <div>
              <strong>
                 Article DOI: 
              </strong>
               
              
            </div>
          </section>
        </div>
        <div
          aria-hidden="true"
          className="makeStyles-spacer-15"
          onClick={[Function]}
        />
        <section>
          <div
            className="makeStyles-root-17 makeStyles-plainVariant-19"
          >
            <label
              className="makeStyles-label-20"
            >
              Related articles
            </label>
            <ul
              className="makeStyles-list-41"
            />
          </div>
        </section>
        <div
          aria-hidden="true"
          className="makeStyles-spacer-15"
          onClick={[Function]}
        />
        <section>
          <div
            className="makeStyles-root-17 makeStyles-plainVariant-19"
          >
            <label
              className="makeStyles-label-20"
            >
              Author Information
            </label>
          </div>
        </section>
        <div
          aria-hidden="true"
          className="makeStyles-spacer-15"
          onClick={[Function]}
        />
        <section>
          <div
            className="makeStyles-root-17 makeStyles-plainVariant-19"
          >
            <label
              className="makeStyles-label-20"
            >
              References
            </label>
            <ul
              className="makeStyles-list-46"
            />
          </div>
        </section>
      </div>
    </div>
  </div>,
]
`;
