// Jest Snapshot v1, https://goo.gl/fbAQLP

exports[`ManuscriptToolbar renders toolbar 1`] = `
<div
  data-cmp="AppBar"
>
  <div
    data-cmp="Toolbar"
  >
    <div
      data-cmp="IconButton"
    >
      <svg
        aria-hidden={true}
        className="MuiSvgIcon-root"
        focusable="false"
        viewBox="0 0 24 24"
      >
        <path
          d="M3 18h18v-2H3v2zm0-5h18v-2H3v2zm0-7v2h18V6H3z"
        />
      </svg>
    </div>
    <div
      data-cmp="ToggleButtonGroup"
    >
      <div
        data-cmp="ToggleButton"
      >
        <svg
          aria-hidden={true}
          className="MuiSvgIcon-root"
          focusable="false"
          viewBox="0 0 24 24"
        >
          <path
            d="M19 12v7H5v-7H3v7c0 1.1.9 2 2 2h14c1.1 0 2-.9 2-2v-7h-2zm-6 .67l2.59-2.58L17 11.5l-5 5-5-5 1.41-1.41L11 12.67V3h2z"
          />
        </svg>
      </div>
      <div
        data-cmp="ToggleButton"
      >
        <svg
          aria-hidden={true}
          className="MuiSvgIcon-root"
          focusable="false"
          viewBox="0 0 24 24"
        >
          <path
            d="M12.5 8c-2.65 0-5.05.99-6.9 2.6L2 7v9h9l-3.62-3.62c1.39-1.16 3.16-1.88 5.12-1.88 3.54 0 6.55 2.31 7.6 5.5l2.37-.78C21.08 11.03 17.15 8 12.5 8z"
          />
        </svg>
      </div>
      <div
        data-cmp="ToggleButton"
      >
        <svg
          aria-hidden={true}
          className="MuiSvgIcon-root"
          focusable="false"
          viewBox="0 0 24 24"
        >
          <path
            d="M18.4 10.6C16.55 8.99 14.15 8 11.5 8c-4.65 0-8.58 3.03-9.96 7.22L3.9 16c1.05-3.19 4.05-5.5 7.6-5.5 1.95 0 3.73.72 5.12 1.88L13 16h9V7l-3.6 3.6z"
          />
        </svg>
      </div>
      <div
        data-cmp="ToggleButton"
      >
        <svg
          aria-hidden={true}
          className="MuiSvgIcon-root"
          focusable="false"
          viewBox="0 0 24 24"
        >
          <path
            d="M20 2H8c-1.1 0-2 .9-2 2v12c0 1.1.9 2 2 2h12c1.1 0 2-.9 2-2V4c0-1.1-.9-2-2-2zm-8.5 7.5c0 .83-.67 1.5-1.5 1.5H9v2H7.5V7H10c.83 0 1.5.67 1.5 1.5v1zm5 2c0 .83-.67 1.5-1.5 1.5h-2.5V7H15c.83 0 1.5.67 1.5 1.5v3zm4-3H19v1h1.5V11H19v2h-1.5V7h3v1.5zM9 9.5h1v-1H9v1zM4 6H2v14c0 1.1.9 2 2 2h14v-2H4V6zm10 5.5h1v-3h-1v3z"
          />
        </svg>
      </div>
    </div>
    <div>
      <div
        data-cmp="Button"
      >
        PARAGRAPH
        <svg
          aria-hidden={true}
          className="MuiSvgIcon-root"
          focusable="false"
          viewBox="0 0 24 24"
        >
          <path
            d="M7 10l5 5 5-5z"
          />
        </svg>
      </div>
      <div
        data-cmp="Popper"
      >
        <div
          data-cmp="Paper"
        >
          <div
            data-cmp="ClickAwayListener"
          >
            <div
              data-cmp="MenuList"
            >
              <div
                data-cmp="MenuItem"
              >
                Heading 1
              </div>
              <div
                data-cmp="MenuItem"
              >
                Heading 2
              </div>
              <div
                data-cmp="MenuItem"
              >
                Heading 3
              </div>
              <div
                data-cmp="MenuItem"
              >
                Heading 4
              </div>
              <div
                data-cmp="MenuItem"
              >
                Paragraph
              </div>
              <div
                data-cmp="MenuItem"
              >
                Bulleted List
              </div>
              <div
                data-cmp="MenuItem"
              >
                Numbered List
              </div>
              <div
                data-cmp="MenuItem"
              >
                Preformat
              </div>
            </div>
          </div>
        </div>
      </div>
    </div>
    <div>
      <div
        data-cmp="Button"
      >
        FORMAT
        <svg
          aria-hidden={true}
          className="MuiSvgIcon-root"
          focusable="false"
          viewBox="0 0 24 24"
        >
          <path
            d="M7 10l5 5 5-5z"
          />
        </svg>
      </div>
      <div
        data-cmp="Popper"
      >
        <div
          data-cmp="Paper"
        >
          <div
            data-cmp="ClickAwayListener"
          >
            <div
              data-cmp="MenuList"
            >
              <div
                data-cmp="MenuItem"
              >
                Bold
              </div>
              <div
                data-cmp="MenuItem"
              >
                Italics
              </div>
              <div
                data-cmp="MenuItem"
              >
                Subscript
              </div>
              <div
                data-cmp="MenuItem"
              >
                Superscript
              </div>
              <div
                data-cmp="MenuItem"
              >
                Monospace
              </div>
              <div
                data-cmp="MenuItem"
              >
                Small Caps
              </div>
              <div
                data-cmp="MenuItem"
              >
                Underline
              </div>
              <div
                data-cmp="MenuItem"
              >
                Overline
              </div>
              <div
                data-cmp="MenuItem"
              >
                Strike Through
              </div>
            </div>
          </div>
        </div>
      </div>
    </div>
    <div>
      <div
        data-cmp="Button"
      >
        INSERT
        <svg
          aria-hidden={true}
          className="MuiSvgIcon-root"
          focusable="false"
          viewBox="0 0 24 24"
        >
          <path
            d="M7 10l5 5 5-5z"
          />
        </svg>
      </div>
      <div
        data-cmp="Popper"
      >
        <div
          data-cmp="Paper"
        >
          <div
            data-cmp="ClickAwayListener"
          >
            <div
              data-cmp="MenuList"
            >
              <div
                data-cmp="MenuItem"
              >
                Figure
              </div>
              <div
                data-cmp="MenuItem"
              >
                Inline Graphic
              </div>
              <div
                data-cmp="MenuItem"
              >
                Table
              </div>
              <div
                data-cmp="MenuItem"
              >
                Block Quote
              </div>
              <div
                data-cmp="MenuItem"
              >
                Box
              </div>
              <div
                data-cmp="MenuItem"
              >
                Equation
              </div>
              <div
                data-cmp="MenuItem"
              >
                File
              </div>
              <div
                data-cmp="MenuItem"
              >
                Inline Math
              </div>
              <div
                data-cmp="Divider"
              />
              <div
                data-cmp="MenuItem"
              >
                Reference Citation
              </div>
              <div
                data-cmp="MenuItem"
              >
                Figure Citation
              </div>
              <div
                data-cmp="MenuItem"
              >
                Table citation
              </div>
              <div
                data-cmp="MenuItem"
              >
                Footnote citation
              </div>
              <div
                data-cmp="MenuItem"
              >
                Equation citation
              </div>
              <div
                data-cmp="MenuItem"
              >
                File Citation
              </div>
            </div>
          </div>
        </div>
      </div>
    </div>
    <div
      className="makeStyles-spacer-5"
    />
    <div
      className="makeStyles-toolbarMessage-6 error"
    >
      System offline
    </div>
  </div>
</div>
`;
