// Jest Snapshot v1, https://goo.gl/fbAQLP

exports[`KeywordsEditorComponent renders keyword 1`] = `<div />`;
