// Jest Snapshot v1, https://goo.gl/fbAQLP

exports[`FigureLicenseEditor should render component 1`] = `
<section
  className="FigureContentEditorComponent-editorContainer-1"
>
  <div
    className="FigureContentEditorComponent-editorForm-2"
  >
    <div
      className="FigureContentEditorComponent-fieldsRow-8"
    >
      <input
        data-cmp="Index"
        onChange={[Function]}
      />
      <input
        data-cmp="TextField"
        onChange={[Function]}
        value=""
      />
    </div>
    <input
      data-cmp="TextField"
      onChange={[Function]}
      value=""
    />
    <div
      className="FigureContentEditorComponent-inputField-6"
    >
      <div
        data-cmp="rich-text-editor"
      />
    </div>
    <input
      data-cmp="TextField"
      onChange={[Function]}
      value=""
    />
  </div>
  <div
    data-cmp="IconButton"
  >
    <svg
      aria-hidden={true}
      className="MuiSvgIcon-root MuiSvgIcon-fontSizeSmall"
      focusable="false"
      viewBox="0 0 24 24"
    >
      <path
        d="M6 19c0 1.1.9 2 2 2h8c1.1 0 2-.9 2-2V7H6v12zM19 4h-3.5l-1-1h-5l-1 1H5v2h14V4z"
      />
    </svg>
  </div>
</section>
`;
