// Jest Snapshot v1, https://goo.gl/fbAQLP

exports[`prosemirror view should render 1`] = `<div />`;
