// Jest Snapshot v1, https://goo.gl/fbAQLP

exports[`Article information renders article information 1`] = `
<div
  className="makeStyles-sectionContainer-1 makeStyles-root-4 makeStyles-plainVariant-6"
>
  <label
    className="makeStyles-label-7"
  >
    Article information
  </label>
  <section
    className="makeStyles-infoSection-2"
  >
    <div>
      <strong>
         Subject(s): 
      </strong>
       
      
    </div>
    <div>
      <strong>
         Article type: 
      </strong>
       
      
    </div>
    <div>
      <strong>
         Article DOI: 
      </strong>
       
      
    </div>
    <div>
      <strong>
         Publisher ID: 
      </strong>
       
      
    </div>
    <div>
      <strong>
         eLocation ID: 
      </strong>
       
      
    </div>
    <div>
      <strong>
         Year: 
      </strong>
       
      
    </div>
    <div>
      <strong>
         Volume: 
      </strong>
       
      
    </div>
    <div>
      Â 
    </div>
    <div>
      <strong>
         Published: 
      </strong>
       
      
    </div>
  </section>
  <div
    data-cmp="IconButton"
  />
</div>
`;
